later: expected
later failure: expected
requestbin failure: error
requestbin: yay! done=56
